// Jest Snapshot v1, https://goo.gl/fbAQLP

exports[`Should render ExpenseListItem with one item 1`] = `
ShallowWrapper {
  "length": 1,
  Symbol(enzyme.__root__): [Circular],
  Symbol(enzyme.__unrendered__): <ExpenseListItem
    amount={195}
    createdAt={0}
    description="Gum"
    id="1"
    note=""
/>,
  Symbol(enzyme.__renderer__): Object {
    "batchedUpdates": [Function],
    "getNode": [Function],
    "render": [Function],
    "simulateEvent": [Function],
    "unmount": [Function],
  },
  Symbol(enzyme.__node__): Object {
    "instance": null,
    "key": undefined,
    "nodeType": "host",
    "props": Object {
      "children": Array [
        <h3>
          <p>
                    <NavLink
                              activeClassName="is-active"
                              ariaCurrent="true"
                              to="/edit/1"
                    >
                              Gum
                    </NavLink>
          </p>
</h3>,
        <p>
          195
          . 
          0
</p>,
      ],
    },
    "ref": null,
    "rendered": Array [
      Object {
        "instance": null,
        "key": undefined,
        "nodeType": "host",
        "props": Object {
          "children": <p>
            <NavLink
                        activeClassName="is-active"
                        ariaCurrent="true"
                        to="/edit/1"
            >
                        Gum
            </NavLink>
</p>,
        },
        "ref": null,
        "rendered": Object {
          "instance": null,
          "key": undefined,
          "nodeType": "host",
          "props": Object {
            "children": <NavLink
              activeClassName="is-active"
              ariaCurrent="true"
              to="/edit/1"
>
              Gum
</NavLink>,
          },
          "ref": null,
          "rendered": Object {
            "instance": null,
            "key": undefined,
            "nodeType": "function",
            "props": Object {
              "activeClassName": "is-active",
              "ariaCurrent": "true",
              "children": "Gum",
              "to": "/edit/1",
            },
            "ref": null,
            "rendered": "Gum",
            "type": [Function],
          },
          "type": "p",
        },
        "type": "h3",
      },
      Object {
        "instance": null,
        "key": undefined,
        "nodeType": "host",
        "props": Object {
          "children": Array [
            195,
            ". ",
            0,
          ],
        },
        "ref": null,
        "rendered": Array [
          195,
          ". ",
          0,
        ],
        "type": "p",
      },
    ],
    "type": "div",
  },
  Symbol(enzyme.__nodes__): Array [
    Object {
      "instance": null,
      "key": undefined,
      "nodeType": "host",
      "props": Object {
        "children": Array [
          <h3>
            <p>
                        <NavLink
                                    activeClassName="is-active"
                                    ariaCurrent="true"
                                    to="/edit/1"
                        >
                                    Gum
                        </NavLink>
            </p>
</h3>,
          <p>
            195
            . 
            0
</p>,
        ],
      },
      "ref": null,
      "rendered": Array [
        Object {
          "instance": null,
          "key": undefined,
          "nodeType": "host",
          "props": Object {
            "children": <p>
              <NavLink
                            activeClassName="is-active"
                            ariaCurrent="true"
                            to="/edit/1"
              >
                            Gum
              </NavLink>
</p>,
          },
          "ref": null,
          "rendered": Object {
            "instance": null,
            "key": undefined,
            "nodeType": "host",
            "props": Object {
              "children": <NavLink
                activeClassName="is-active"
                ariaCurrent="true"
                to="/edit/1"
>
                Gum
</NavLink>,
            },
            "ref": null,
            "rendered": Object {
              "instance": null,
              "key": undefined,
              "nodeType": "function",
              "props": Object {
                "activeClassName": "is-active",
                "ariaCurrent": "true",
                "children": "Gum",
                "to": "/edit/1",
              },
              "ref": null,
              "rendered": "Gum",
              "type": [Function],
            },
            "type": "p",
          },
          "type": "h3",
        },
        Object {
          "instance": null,
          "key": undefined,
          "nodeType": "host",
          "props": Object {
            "children": Array [
              195,
              ". ",
              0,
            ],
          },
          "ref": null,
          "rendered": Array [
            195,
            ". ",
            0,
          ],
          "type": "p",
        },
      ],
      "type": "div",
    },
  ],
  Symbol(enzyme.__options__): Object {
    "adapter": ReactFifteenAdapter {
      "options": Object {
        "supportPrevContextArgumentOfComponentDidUpdate": true,
      },
    },
  },
}
`;
