// Jest Snapshot v1, https://goo.gl/fbAQLP

exports[`Should render Header properly 1`] = `
ShallowWrapper {
  "length": 1,
  Symbol(enzyme.__root__): [Circular],
  Symbol(enzyme.__unrendered__): <Header />,
  Symbol(enzyme.__renderer__): Object {
    "batchedUpdates": [Function],
    "getNode": [Function],
    "render": [Function],
    "simulateEvent": [Function],
    "unmount": [Function],
  },
  Symbol(enzyme.__node__): Object {
    "instance": null,
    "key": undefined,
    "nodeType": "host",
    "props": Object {
      "children": Array [
        <h1>
          Expensify
</h1>,
        <p>
          <NavLink
                    activeClassName="is-active"
                    ariaCurrent="true"
                    exact={true}
                    to="/"
          >
                    Dashboard
          </NavLink>
</p>,
        <p>
          <NavLink
                    activeClassName="is-active"
                    ariaCurrent="true"
                    to="/create"
          >
                    Create
          </NavLink>
</p>,
        <p>
          <NavLink
                    activeClassName="is-active"
                    ariaCurrent="true"
                    to="/help"
          >
                    Help
          </NavLink>
</p>,
      ],
    },
    "ref": null,
    "rendered": Array [
      Object {
        "instance": null,
        "key": undefined,
        "nodeType": "host",
        "props": Object {
          "children": "Expensify",
        },
        "ref": null,
        "rendered": "Expensify",
        "type": "h1",
      },
      Object {
        "instance": null,
        "key": undefined,
        "nodeType": "host",
        "props": Object {
          "children": <NavLink
            activeClassName="is-active"
            ariaCurrent="true"
            exact={true}
            to="/"
>
            Dashboard
</NavLink>,
        },
        "ref": null,
        "rendered": Object {
          "instance": null,
          "key": undefined,
          "nodeType": "function",
          "props": Object {
            "activeClassName": "is-active",
            "ariaCurrent": "true",
            "children": "Dashboard",
            "exact": true,
            "to": "/",
          },
          "ref": null,
          "rendered": "Dashboard",
          "type": [Function],
        },
        "type": "p",
      },
      Object {
        "instance": null,
        "key": undefined,
        "nodeType": "host",
        "props": Object {
          "children": <NavLink
            activeClassName="is-active"
            ariaCurrent="true"
            to="/create"
>
            Create
</NavLink>,
        },
        "ref": null,
        "rendered": Object {
          "instance": null,
          "key": undefined,
          "nodeType": "function",
          "props": Object {
            "activeClassName": "is-active",
            "ariaCurrent": "true",
            "children": "Create",
            "to": "/create",
          },
          "ref": null,
          "rendered": "Create",
          "type": [Function],
        },
        "type": "p",
      },
      Object {
        "instance": null,
        "key": undefined,
        "nodeType": "host",
        "props": Object {
          "children": <NavLink
            activeClassName="is-active"
            ariaCurrent="true"
            to="/help"
>
            Help
</NavLink>,
        },
        "ref": null,
        "rendered": Object {
          "instance": null,
          "key": undefined,
          "nodeType": "function",
          "props": Object {
            "activeClassName": "is-active",
            "ariaCurrent": "true",
            "children": "Help",
            "to": "/help",
          },
          "ref": null,
          "rendered": "Help",
          "type": [Function],
        },
        "type": "p",
      },
    ],
    "type": "header",
  },
  Symbol(enzyme.__nodes__): Array [
    Object {
      "instance": null,
      "key": undefined,
      "nodeType": "host",
      "props": Object {
        "children": Array [
          <h1>
            Expensify
</h1>,
          <p>
            <NavLink
                        activeClassName="is-active"
                        ariaCurrent="true"
                        exact={true}
                        to="/"
            >
                        Dashboard
            </NavLink>
</p>,
          <p>
            <NavLink
                        activeClassName="is-active"
                        ariaCurrent="true"
                        to="/create"
            >
                        Create
            </NavLink>
</p>,
          <p>
            <NavLink
                        activeClassName="is-active"
                        ariaCurrent="true"
                        to="/help"
            >
                        Help
            </NavLink>
</p>,
        ],
      },
      "ref": null,
      "rendered": Array [
        Object {
          "instance": null,
          "key": undefined,
          "nodeType": "host",
          "props": Object {
            "children": "Expensify",
          },
          "ref": null,
          "rendered": "Expensify",
          "type": "h1",
        },
        Object {
          "instance": null,
          "key": undefined,
          "nodeType": "host",
          "props": Object {
            "children": <NavLink
              activeClassName="is-active"
              ariaCurrent="true"
              exact={true}
              to="/"
>
              Dashboard
</NavLink>,
          },
          "ref": null,
          "rendered": Object {
            "instance": null,
            "key": undefined,
            "nodeType": "function",
            "props": Object {
              "activeClassName": "is-active",
              "ariaCurrent": "true",
              "children": "Dashboard",
              "exact": true,
              "to": "/",
            },
            "ref": null,
            "rendered": "Dashboard",
            "type": [Function],
          },
          "type": "p",
        },
        Object {
          "instance": null,
          "key": undefined,
          "nodeType": "host",
          "props": Object {
            "children": <NavLink
              activeClassName="is-active"
              ariaCurrent="true"
              to="/create"
>
              Create
</NavLink>,
          },
          "ref": null,
          "rendered": Object {
            "instance": null,
            "key": undefined,
            "nodeType": "function",
            "props": Object {
              "activeClassName": "is-active",
              "ariaCurrent": "true",
              "children": "Create",
              "to": "/create",
            },
            "ref": null,
            "rendered": "Create",
            "type": [Function],
          },
          "type": "p",
        },
        Object {
          "instance": null,
          "key": undefined,
          "nodeType": "host",
          "props": Object {
            "children": <NavLink
              activeClassName="is-active"
              ariaCurrent="true"
              to="/help"
>
              Help
</NavLink>,
          },
          "ref": null,
          "rendered": Object {
            "instance": null,
            "key": undefined,
            "nodeType": "function",
            "props": Object {
              "activeClassName": "is-active",
              "ariaCurrent": "true",
              "children": "Help",
              "to": "/help",
            },
            "ref": null,
            "rendered": "Help",
            "type": [Function],
          },
          "type": "p",
        },
      ],
      "type": "header",
    },
  ],
  Symbol(enzyme.__options__): Object {
    "adapter": ReactFifteenAdapter {
      "options": Object {
        "supportPrevContextArgumentOfComponentDidUpdate": true,
      },
    },
  },
}
`;
